// Jest Snapshot v1, https://goo.gl/fbAQLP

exports[`Review correctly renders 1`] = `
<section
  className="property__reviews reviews"
>
  <h2
    className="reviews__title"
  >
    Reviews Â· 
    <span
      className="reviews__amount"
    >
      2
    </span>
  </h2>
  <ReviewsList
    reviews={
      Array [
        Object {
          "comment": "",
          "date": "",
          "id": 1,
          "rating": 4,
          "user": Object {
            "avatarUrl": "",
            "id": 1,
            "isPro": false,
            "name": "",
          },
        },
        Object {
          "comment": "",
          "date": "",
          "id": 2,
          "rating": 3,
          "user": Object {
            "avatarUrl": "",
            "id": 5,
            "isPro": false,
            "name": "",
          },
        },
      ]
    }
  />
  <WithFormSubmit
    offerId={1}
  />
</section>
`;
