// Jest Snapshot v1, https://goo.gl/fbAQLP

exports[`Map component is rendered properly 1`] = `
<div
  id="map"
  style={
    Object {
      "height": "100%",
      "minHeight": 816,
    }
  }
/>
`;
