// Jest Snapshot v1, https://goo.gl/fbAQLP

exports[`App is rendered properly 1`] = `ShallowWrapper {}`;
