// Jest Snapshot v1, https://goo.gl/fbAQLP

exports[`Map component is rendered properly 1`] = `
<div
  id="map"
  style={
    Object {
      "height": "100%",
    }
  }
>
  <ResizeDetector
    handleHeight={true}
    handleWidth={true}
    nodeType="div"
    onResize={[Function]}
    querySelector={null}
    refreshRate={1000}
    skipOnMount={false}
    targetDomEl={null}
  />
</div>
`;
